X [ERROR] The build was canceled

[2m7:58:51[22m [31m[1m[vite][22m[39m Pre-transform error: C:\Users\10\Documents\GitHub\piquim\web\src\pages\store\CatalogPage.jsx: Unexpected token (1403:0)

[0m [90m 1401 |[39m }
 [90m 1402 |[39m
[31m[1m>[22m[39m[90m 1403 |[39m [33m<<[39m[33m<<[39m[33m<<[39m[33m<[39m [33mHEAD[39m
 [90m      |[39m [31m[1m^[22m[39m
 [90m 1404 |[39m [36mfunction[39m [33mPiquimSubcatalogProductCard[39m({ product[33m,[39m accent[33m,[39m mediaGradient[33m,[39m icon }) {
 [90m 1405 |[39m     [36mconst[39m resolvedGradient [33m=[39m product[33m.[39mmediaGradient [33m||[39m mediaGradient[33m;[39m
 [90m 1406 |[39m     [36mconst[39m resolvedIcon [33m=[39m product[33m.[39micon [33m||[39m icon[33m;[39m[0m
[2m7:58:53[22m [31m[1m[vite][22m[39m Pre-transform error: C:\Users\10\Documents\GitHub\piquim\web\src\components\layout\Header.jsx: Unexpected token (101:1)

[0m [90m  99 |[39m )[33m;[39m
 [90m 100 |[39m
[31m[1m>[22m[39m[90m 101 |[39m [33m<<[39m[33m<<[39m[33m<<[39m[33m<[39m [33mHEAD[39m
 [90m     |[39m  [31m[1m^[22m[39m
 [90m 102 |[39m [36mconst[39m [33mBookmarkIcon[39m [33m=[39m ({ className [33m=[39m [32m"size-4"[39m }) [33m=>[39m (
 [90m 103 |[39m   [33m<[39m[33msvg[39m className[33m=[39m{className} viewBox[33m=[39m[32m"0 0 24 24"[39m fill[33m=[39m[32m"none"[39m stroke[33m=[39m[32m"currentColor"[39m strokeWidth[33m=[39m[32m"2"[39m strokeLinecap[33m=[39m[32m"round"[39m strokeLinejoin[33m=[39m[32m"round"[39m[33m>[39m
 [90m 104 |[39m     [33m<[39m[33mpath[39m d[33m=[39m[32m"M19 21L12 17L5 21V5C5 3.89543 5.89543 3 7 3H17C18.1046 3 19 3.89543 19 5V21Z"[39m [33m/[39m[33m>[39m[0m
[2m7:58:53[22m [31m[1m[vite][22m[39m [31mInternal server error: C:\Users\10\Documents\GitHub\piquim\web\src\pages\store\CatalogPage.jsx: Unexpected token (1403:0)

[0m [90m 1401 |[31m }
 [90m 1402 |[31m
[31m[1m>[22m[31m[90m 1403 |[31m [33m<<[31m[33m<<[31m[33m<<[31m[33m<[31m [33mHEAD[31m
 [90m      |[31m [31m[1m^[22m[31m
 [90m 1404 |[31m [36mfunction[31m [33mPiquimSubcatalogProductCard[31m({ product[33m,[31m accent[33m,[31m mediaGradient[33m,[31m icon }) {
 [90m 1405 |[31m     [36mconst[31m resolvedGradient [33m=[31m product[33m.[31mmediaGradient [33m||[31m mediaGradient[33m;[31m
 [90m 1406 |[31m     [36mconst[31m resolvedIcon [33m=[31m product[33m.[31micon [33m||[31m icon[33m;[31m[0m[39m
  Plugin: [35mvite:react-babel[39m
  File: [36mC:/Users/10/Documents/GitHub/piquim/web/src/pages/store/CatalogPage.jsx[39m:1403:0
[33m  1429|                      </button>
  1430|                  ))}
  1431|              </div>
     |               ^
  1432|          </div>
  1433|      );[39m
      at constructor (C:\Users\10\Documents\GitHub\piquim\web\node_modules\.pnpm\@babel+parser@7.29.3\node_modules\@babel\parser\lib\index.js:365:19)
      at JSXParserMixin.raise (C:\Users\10\Documents\GitHub\piquim\web\node_modules\.pnpm\@babel+parser@7.29.3\node_modules\@babel\parser\lib\index.js:6616:19)
      at JSXParserMixin.unexpected (C:\Users\10\Documents\GitHub\piquim\web\node_modules\.pnpm\@babel+parser@7.29.3\node_modules\@babel\parser\lib\index.js:6636:16)
      at JSXParserMixin.parseExprAtom (C:\Users\10\Documents\GitHub\piquim\web\node_modules\.pnpm\@babel+parser@7.29.3\node_modules\@babel\parser\lib\index.js:11459:22)
      at JSXParserMixin.parseExprAtom (C:\Users\10\Documents\GitHub\piquim\web\node_modules\.pnpm\@babel+parser@7.29.3\node_modules\@babel\parser\lib\index.js:4776:20)
      at JSXParserMixin.parseExprSubscripts (C:\Users\10\Documents\GitHub\piquim\web\node_modules\.pnpm\@babel+parser@7.29.3\node_modules\@babel\parser\lib\index.js:11098:23)
      at JSXParserMixin.parseUpdate (C:\Users\10\Documents\GitHub\piquim\web\node_modules\.pnpm\@babel+parser@7.29.3\node_modules\@babel\parser\lib\index.js:11083:21)
      at JSXParserMixin.parseMaybeUnary (C:\Users\10\Documents\GitHub\piquim\web\node_modules\.pnpm\@babel+parser@7.29.3\node_modules\@babel\parser\lib\index.js:11063:23)
      at JSXParserMixin.parseMaybeUnaryOrPrivate (C:\Users\10\Documents\GitHub\piquim\web\node_modules\.pnpm\@babel+parser@7.29.3\node_modules\@babel\parser\lib\index.js:10916:61)
      at JSXParserMixin.parseExprOps (C:\Users\10\Documents\GitHub\piquim\web\node_modules\.pnpm\@babel+parser@7.29.3\node_modules\@babel\parser\lib\index.js:10921:23)
      at JSXParserMixin.parseMaybeConditional (C:\Users\10\Documents\GitHub\piquim\web\node_modules\.pnpm\@babel+parser@7.29.3\node_modules\@babel\parser\lib\index.js:10898:23)
      at JSXParserMixin.parseMaybeAssign (C:\Users\10\Documents\GitHub\piquim\web\node_modules\.pnpm\@babel+parser@7.29.3\node_modules\@babel\parser\lib\index.js:10848:21)
      at JSXParserMixin.parseExpressionBase (C:\Users\10\Documents\GitHub\piquim\web\node_modules\.pnpm\@babel+parser@7.29.3\node_modules\@babel\parser\lib\index.js:10801:23)
      at C:\Users\10\Documents\GitHub\piquim\web\node_modules\.pnpm\@babel+parser@7.29.3\node_modules\@babel\parser\lib\index.js:10797:39
      at JSXParserMixin.allowInAnd (C:\Users\10\Documents\GitHub\piquim\web\node_modules\.pnpm\@babel+parser@7.29.3\node_modules\@babel\parser\lib\index.js:12438:16)
      at JSXParserMixin.parseExpression (C:\Users\10\Documents\GitHub\piquim\web\node_modules\.pnpm\@babel+parser@7.29.3\node_modules\@babel\parser\lib\index.js:10797:17)
      at JSXParserMixin.parseStatementContent (C:\Users\10\Documents\GitHub\piquim\web\node_modules\.pnpm\@babel+parser@7.29.3\node_modules\@babel\parser\lib\index.js:12912:23)
      at JSXParserMixin.parseStatementLike (C:\Users\10\Documents\GitHub\piquim\web\node_modules\.pnpm\@babel+parser@7.29.3\node_modules\@babel\parser\lib\index.js:12784:17)
      at JSXParserMixin.parseModuleItem (C:\Users\10\Documents\GitHub\piquim\web\node_modules\.pnpm\@babel+parser@7.29.3\node_modules\@babel\parser\lib\index.js:12761:17)
      at JSXParserMixin.parseBlockOrModuleBlockBody (C:\Users\10\Documents\GitHub\piquim\web\node_modules\.pnpm\@babel+parser@7.29.3\node_modules\@babel\parser\lib\index.js:13333:36)
      at JSXParserMixin.parseBlockBody (C:\Users\10\Documents\GitHub\piquim\web\node_modules\.pnpm\@babel+parser@7.29.3\node_modules\@babel\parser\lib\index.js:13326:10)
      at JSXParserMixin.parseProgram (C:\Users\10\Documents\GitHub\piquim\web\node_modules\.pnpm\@babel+parser@7.29.3\node_modules\@babel\parser\lib\index.js:12639:10)
      at JSXParserMixin.parseTopLevel (C:\Users\10\Documents\GitHub\piquim\web\node_modules\.pnpm\@babel+parser@7.29.3\node_modules\@babel\parser\lib\index.js:12629:25)
      at JSXParserMixin.parse (C:\Users\10\Documents\GitHub\piquim\web\node_modules\.pnpm\@babel+parser@7.29.3\node_modules\@babel\parser\lib\index.js:14505:25)
      at parse (C:\Users\10\Documents\GitHub\piquim\web\node_modules\.pnpm\@babel+parser@7.29.3\node_modules\@babel\parser\lib\index.js:14539:38)
      at parser (C:\Users\10\Documents\GitHub\piquim\web\node_modules\.pnpm\@babel+core@7.29.0\node_modules\@babel\core\lib\parser\index.js:41:34)
      at parser.next (<anonymous>)
      at normalizeFile (C:\Users\10\Documents\GitHub\piquim\web\node_modules\.pnpm\@babel+core@7.29.0\node_modules\@babel\core\lib\transformation\normalize-file.js:64:37)
      at normalizeFile.next (<anonymous>)
      at run (C:\Users\10\Documents\GitHub\piquim\web\node_modules\.pnpm\@babel+core@7.29.0\node_modules\@babel\core\lib\transformation\index.js:22:50)
      at run.next (<anonymous>)
      at transform (C:\Users\10\Documents\GitHub\piquim\web\node_modules\.pnpm\@babel+core@7.29.0\node_modules\@babel\core\lib\transform.js:22:33)
      at transform.next (<anonymous>)
      at step (C:\Users\10\Documents\GitHub\piquim\web\node_modules\.pnpm\gensync@1.0.0-beta.2\node_modules\gensync\index.js:261:32)
      at C:\Users\10\Documents\GitHub\piquim\web\node_modules\.pnpm\gensync@1.0.0-beta.2\node_modules\gensync\index.js:273:13
      at async.call.result.err.err (C:\Users\10\Documents\GitHub\piquim\web\node_modules\.pnpm\gensync@1.0.0-beta.2\node_modules\gensync\index.js:223:11)
      at C:\Users\10\Documents\GitHub\piquim\web\node_modules\.pnpm\gensync@1.0.0-beta.2\node_modules\gensync\index.js:189:28
      at C:\Users\10\Documents\GitHub\piquim\web\node_modules\.pnpm\@babel+core@7.29.0\node_modules\@babel\core\lib\gensync-utils\async.js:67:7
      at C:\Users\10\Documents\GitHub\piquim\web\node_modules\.pnpm\gensync@1.0.0-beta.2\node_modules\gensync\index.js:113:33
      at step (C:\Users\10\Documents\GitHub\piquim\web\node_modules\.pnpm\gensync@1.0.0-beta.2\node_modules\gensync\index.js:287:14)
      at C:\Users\10\Documents\GitHub\piquim\web\node_modules\.pnpm\gensync@1.0.0-beta.2\node_modules\gensync\index.js:273:13
      at async.call.result.err.err (C:\Users\10\Documents\GitHub\piquim\web\node_modules\.pnpm\gensync@1.0.0-beta.2\node_modules\gensync\index.js:223:11)
[2m7:58:53[22m [31m[1m[vite][22m[39m Pre-transform error: C:\Users\10\Documents\GitHub\piquim\web\src\components\layout\Header.jsx: Unexpected token (101:1)

[0m [90m  99 |[39m )[33m;[39m
 [90m 100 |[39m
[31m[1m>[22m[39m[90m 101 |[39m [33m<<[39m[33m<<[39m[33m<<[39m[33m<[39m [33mHEAD[39m
 [90m     |[39m  [31m[1m^[22m[39m
 [90m 102 |[39m [36mconst[39m [33mBookmarkIcon[39m [33m=[39m ({ className [33m=[39m [32m"size-4"[39m }) [33m=>[39m (
 [90m 103 |[39m   [33m<[39m[33msvg[39m className[33m=[39m{className} viewBox[33m=[39m[32m"0 0 24 24"[39m fill[33m=[39m[32m"none"[39m stroke[33m=[39m[32m"currentColor"[39m strokeWidth[33m=[39m[32m"2"[39m strokeLinecap[33m=[39m[32m"round"[39m strokeLinejoin[33m=[39m[32m"round"[39m[33m>[39m
 [90m 104 |[39m     [33m<[39m[33mpath[39m d[33m=[39m[32m"M19 21L12 17L5 21V5C5 3.89543 5.89543 3 7 3H17C18.1046 3 19 3.89543 19 5V21Z"[39m [33m/[39m[33m>[39m[0m
[33mFiles in the public directory are served at the root path.
Instead of [36m/public/products?limit=200&page=1&grouped=true[33m, use [36m/products?limit=200&page=1&grouped=true[33m.[39m
[33mFiles in the public directory are served at the root path.
Instead of [36m/public/products?limit=200&page=1&grouped=true[33m, use [36m/products?limit=200&page=1&grouped=true[33m.[39m
[33mFiles in the public directory are served at the root path.
Instead of [36m/public/products?limit=200&page=1&grouped=true[33m, use [36m/products?limit=200&page=1&grouped=true[33m.[39m
[33mFiles in the public directory are served at the root path.
Instead of [36m/public/products?limit=200&page=1&grouped=true[33m, use [36m/products?limit=200&page=1&grouped=true[33m.[39m
[33mFiles in the public directory are served at the root path.
Instead of [36m/public/products?limit=200&page=1&grouped=true[33m, use [36m/products?limit=200&page=1&grouped=true[33m.[39m
[33mFiles in the public directory are served at the root path.
Instead of [36m/public/products?limit=200&page=1&grouped=true[33m, use [36m/products?limit=200&page=1&grouped=true[33m.[39m
[33mFiles in the public directory are served at the root path.
Instead of [36m/public/products?limit=200&page=1&grouped=true[33m, use [36m/products?limit=200&page=1&grouped=true[33m.[39m
[33mFiles in the public directory are served at the root path.
Instead of [36m/public/products?limit=200&page=1&grouped=true[33m, use [36m/products?limit=200&page=1&grouped=true[33m.[39m
[33mFiles in the public directory are served at the root path.
Instead of [36m/public/products?limit=200&page=1&grouped=true[33m, use [36m/products?limit=200&page=1&grouped=true[33m.[39m
[33mFiles in the public directory are served at the root path.
Instead of [36m/public/products?page=1&limit=9&grouped=true&sort=name-asc[33m, use [36m/products?page=1&limit=9&grouped=true&sort=name-asc[33m.[39m
[33mFiles in the public directory are served at the root path.
Instead of [36m/public/products?limit=200&page=1&grouped=true[33m, use [36m/products?limit=200&page=1&grouped=true[33m.[39m
[33mFiles in the public directory are served at the root path.
Instead of [36m/public/products?limit=200&page=1&grouped=true[33m, use [36m/products?limit=200&page=1&grouped=true[33m.[39m
[33mFiles in the public directory are served at the root path.
Instead of [36m/public/products?limit=200&page=1&grouped=true[33m, use [36m/products?limit=200&page=1&grouped=true[33m.[39m
[33mFiles in the public directory are served at the root path.
Instead of [36m/public/products?page=1&limit=9&grouped=true&sort=name-asc[33m, use [36m/products?page=1&limit=9&grouped=true&sort=name-asc[33m.[39m
[33mFiles in the public directory are served at the root path.
Instead of [36m/public/products?limit=200&page=1&grouped=true[33m, use [36m/products?limit=200&page=1&grouped=true[33m.[39m
[33mFiles in the public directory are served at the root path.
Instead of [36m/public/products?limit=200&page=1&grouped=true[33m, use [36m/products?limit=200&page=1&grouped=true[33m.[39m
[33mFiles in the public directory are served at the root path.
Instead of [36m/public/products?limit=200&page=1&grouped=true[33m, use [36m/products?limit=200&page=1&grouped=true[33m.[39m
[33mFiles in the public directory are served at the root path.
Instead of [36m/public/products?limit=200&page=1&grouped=true[33m, use [36m/products?limit=200&page=1&grouped=true[33m.[39m
[33mFiles in the public directory are served at the root path.
Instead of [36m/public/products?limit=200&page=1&grouped=true[33m, use [36m/products?limit=200&page=1&grouped=true[33m.[39m
[33mFiles in the public directory are served at the root path.
Instead of [36m/public/products?limit=200&page=1&grouped=true[33m, use [36m/products?limit=200&page=1&grouped=true[33m.[39m
[33mFiles in the public directory are served at the root path.
Instead of [36m/public/products?limit=200&page=1&grouped=true[33m, use [36m/products?limit=200&page=1&grouped=true[33m.[39m
[33mFiles in the public directory are served at the root path.
Instead of [36m/public/products?limit=200&page=1&grouped=true[33m, use [36m/products?limit=200&page=1&grouped=true[33m.[39m
[33mFiles in the public directory are served at the root path.
Instead of [36m/public/products?limit=200&page=1&grouped=true[33m, use [36m/products?limit=200&page=1&grouped=true[33m.[39m
[33mFiles in the public directory are served at the root path.
Instead of [36m/public/products?limit=200&page=1&grouped=true[33m, use [36m/products?limit=200&page=1&grouped=true[33m.[39m
[33mFiles in the public directory are served at the root path.
Instead of [36m/public/products?limit=200&page=1&grouped=true[33m, use [36m/products?limit=200&page=1&grouped=true[33m.[39m
