[33mFiles in the public directory are served at the root path.
Instead of [36m/public/tenant[33m, use [36m/tenant[33m.[39m
[33mFiles in the public directory are served at the root path.
Instead of [36m/public/tenant[33m, use [36m/tenant[33m.[39m
[33mFiles in the public directory are served at the root path.
Instead of [36m/public/pages/home[33m, use [36m/pages/home[33m.[39m
[33mFiles in the public directory are served at the root path.
Instead of [36m/public/categories[33m, use [36m/categories[33m.[39m
[33mFiles in the public directory are served at the root path.
Instead of [36m/public/brands[33m, use [36m/brands[33m.[39m
[33mFiles in the public directory are served at the root path.
Instead of [36m/public/pages/home[33m, use [36m/pages/home[33m.[39m
[33mFiles in the public directory are served at the root path.
Instead of [36m/public/brands[33m, use [36m/brands[33m.[39m
[33mFiles in the public directory are served at the root path.
Instead of [36m/public/pages/home[33m, use [36m/pages/home[33m.[39m
[33mFiles in the public directory are served at the root path.
Instead of [36m/public/categories[33m, use [36m/categories[33m.[39m
[33mFiles in the public directory are served at the root path.
Instead of [36m/public/brands[33m, use [36m/brands[33m.[39m
[33mFiles in the public directory are served at the root path.
Instead of [36m/public/pages/home[33m, use [36m/pages/home[33m.[39m
[33mFiles in the public directory are served at the root path.
Instead of [36m/public/tenant[33m, use [36m/tenant[33m.[39m
[33mFiles in the public directory are served at the root path.
Instead of [36m/public/tenant[33m, use [36m/tenant[33m.[39m
[33mFiles in the public directory are served at the root path.
Instead of [36m/public/categories[33m, use [36m/categories[33m.[39m
[33mFiles in the public directory are served at the root path.
Instead of [36m/public/brands[33m, use [36m/brands[33m.[39m
[33mFiles in the public directory are served at the root path.
Instead of [36m/public/products?page=1&limit=9&grouped=true&sort=name-asc[33m, use [36m/products?page=1&limit=9&grouped=true&sort=name-asc[33m.[39m
[33mFiles in the public directory are served at the root path.
Instead of [36m/public/products?page=1&limit=9&grouped=true&sort=name-asc[33m, use [36m/products?page=1&limit=9&grouped=true&sort=name-asc[33m.[39m
[33mFiles in the public directory are served at the root path.
Instead of [36m/public/brands[33m, use [36m/brands[33m.[39m
[33mFiles in the public directory are served at the root path.
Instead of [36m/public/categories[33m, use [36m/categories[33m.[39m
[33mFiles in the public directory are served at the root path.
Instead of [36m/public/pages/home[33m, use [36m/pages/home[33m.[39m
[33mFiles in the public directory are served at the root path.
Instead of [36m/public/pages/home[33m, use [36m/pages/home[33m.[39m
