
> proyecto-teflon@0.0.0 dev
> vite --host 127.0.0.1


  [32m[1mVITE[22m v5.4.21[39m  [2mready in [0m[1m487[22m[2m[0m ms[22m

  [32m➜[39m  [1mLocal[22m:   [36mhttp://127.0.0.1:[1m5173[22m/[39m
[2m8:53:42[22m [36m[1m[vite][22m[39m [32mhmr update [39m[2m/src/components/layout/Header.jsx, /src/index.css[22m
[2m8:53:42[22m [36m[1m[vite][22m[39m [32mhmr update [39m[2m/src/index.css, /src/pages/store/ProductDetail.jsx, /src/pages/store/CatalogPage.jsx[22m
[2m8:53:42[22m [36m[1m[vite][22m[39m [32mhmr update [39m[2m/src/pages/store/CatalogPage.jsx, /src/index.css[22m
[2m8:53:42[22m [36m[1m[vite][22m[39m [32mhmr update [39m[2m/src/index.css, /src/pages/store/ProductDetail.jsx[22m
[2m8:53:42[22m [36m[1m[vite][22m[39m [32mhmr update [39m[2m/src/pages/store/ProductDetail.jsx, /src/index.css[22m
[2m8:53:42[22m [36m[1m[vite][22m[39m [32mhmr update [39m[2m/src/pages/store/CatalogPage.jsx, /src/index.css[22m
[2m8:54:02[22m [36m[1m[vite][22m[39m [32mhmr update [39m[2m/src/components/layout/Header.jsx, /src/index.css[22m
[2m8:54:02[22m [36m[1m[vite][22m[39m [32mhmr update [39m[2m/src/index.css, /src/pages/store/ProductDetail.jsx[22m
[2m8:54:02[22m [36m[1m[vite][22m[39m [32mhmr update [39m[2m/src/pages/store/CatalogPage.jsx, /src/index.css[22m
[2m8:54:02[22m [36m[1m[vite][22m[39m [32mhmr update [39m[2m/src/pages/store/ProductDetail.jsx, /src/index.css[22m
[2m8:54:04[22m [36m[1m[vite][22m[39m [32mhmr update [39m[2m/src/components/layout/Header.jsx, /src/index.css[22m
[2m8:54:04[22m [36m[1m[vite][22m[39m [32mhmr update [39m[2m/src/index.css, /src/pages/store/ProductDetail.jsx[22m
[2m8:54:04[22m [36m[1m[vite][22m[39m [32mhmr update [39m[2m/src/pages/store/CatalogPage.jsx, /src/index.css[22m
[2m8:54:04[22m [36m[1m[vite][22m[39m [32mhmr update [39m[2m/src/pages/store/ProductDetail.jsx, /src/index.css[22m
[2m8:57:07[22m [36m[1m[vite][22m[39m [32mhmr update [39m[2m/src/components/layout/Header.jsx, /src/index.css[22m
[2m8:57:07[22m [36m[1m[vite][22m[39m [32mhmr update [39m[2m/src/index.css, /src/pages/store/ProductDetail.jsx[22m
[2m8:57:07[22m [36m[1m[vite][22m[39m [32mhmr update [39m[2m/src/pages/store/CatalogPage.jsx, /src/index.css[22m
[2m8:57:07[22m [36m[1m[vite][22m[39m [32mhmr update [39m[2m/src/pages/store/ProductDetail.jsx, /src/index.css[22m
